AREA .  .ABS.
	RADIX HEX
	BASE 0000
	SIZE 0000
	ATTRIB ABS OVR
	GLOBALS
		l_.  .ABS.	0000
		s__CODE	0000
		l__GSFINAL	0000
		s_.  .ABS.	0000
		l__HOME	0000
		l__OVERLAY	0000
		__SystemRequest	0000
		__SimDumpRegs	0000
		l__GSINIT	0000
		l__BSS	0003
		l__DATA	0363
		l__CODE	33D6
		s__DATA	8000
		s__GSFINAL	8363
		s__HOME	8363
		s__OVERLAY	8363
		s__BSS	8363
		s__GSINIT	8363
AREA _CODE
	RADIX HEX
	BASE 0000
	SIZE 33D6
	ATTRIB REL CON
	GLOBALS
		_ROMSystemInit	0000
		_ROMSystemInit_start	0000
		_ROMSystemInit_end	003D
		_PrintNumber	003D
		_PrintNumber_start	003D
		_SystemInit_start	006F
		_PrintNumber_end	006F
		_SystemInit	006F
		_Task1	0076
		_SystemInit_end	0076
		_Task1_start	0076
		_Task1_end	00A0
		Fmain$_str_0$0$0	00A0
		Fmain$_str_1$0$0	00B3
		_Task2	00B5
		_Task2_start	00B5
		_Task2_end	00DF
		Fmain$_str_2$0$0	00DF
		Fmain$_str_3$0$0	00F2
		_SystemTask_start	00F4
		_SystemTask	00F4
		_SystemTask_end	010E
		Fmain$_str_4$0$0	010E
		_main	0123
		_main_start	0123
		_main_end	01EC
		Fmain$_str_5$0$0	01EC
		Fmain$_str_6$0$0	0202
		Fmain$_str_7$0$0	0210
		Fmain$_str_8$0$0	0225
		Fmain$_str_9$0$0	0246
		Fmain$_str_10$0$0	0265
		Fmain$_str_11$0$0	0277
		Fmain$_str_12$0$0	0286
		Fmain$_str_13$0$0	0295
		_TestMemory_start	02A5
		_TestMemory	02A5
		_TestMemory_end	038C
		Fmain$_str_14$0$0	038C
		Fmain$_str_15$0$0	039D
		Fmain$_str_16$0$0	03A8
		Fmain$_str_17$0$0	03B9
		Fmain$_str_18$0$0	03CE
		_HardwareInit	03E5
		_HardwareInit_start	03E5
		_ExchangeRegs	03F4
		_ExchangeRegs_start	03F4
		_HardwareInit_end	03F4
		_ExchangeRegs_end	0406
		_StringLength_start	0406
		_StringLength	0406
		_StringLength_end	042D
		_StringWrite	042D
		_StringWrite_start	042D
		_SameString	045E
		_SameString_start	045E
		_StringWrite_end	045E
		_Mod	0497
		_Mod_start	0497
		_SameString_end	0497
		_Divide	04C8
		_Divide_start	04C8
		_Mod_end	04C8
		_Power	0515
		_Power_start	0515
		_Divide_end	0515
		_WordToHex	056A
		_WordToHex_start	056A
		_Power_end	056A
		_WordToString	060E
		_WordToHex_end	060E
		_WordToString_start	060E
		_IntToString	06A8
		_WordToString_end	06A8
		_IntToString_start	06A8
		_IntToString_end	075B
		_ScreenClear	075B
		_ScreenClear_start	075B
		_CharacterSet	07C6
		G$CharacterSet$0$0	07C6
		_ScreenClear_end	07C6
		Fscreen$_str_0$0$0	0FC6
		_SetAttrib	0FD6
		_SetAttrib_start	0FD6
		_SetAttrib_end	101B
		_PutCharacter	101B
		_PutCharacter_start	101B
		_PutString	10F1
		_PutString_start	10F1
		_PutCharacter_end	10F1
		_PutString_end	1156
		Fscreen$_str_1$0$0	1156
		_ConsoleInit	115F
		_ConsoleInit_start	115F
		_ConsoleInit_end	11D5
		Fconsole$_str_0$0$0	11D5
		Fconsole$_str_1$0$0	11F5
		Fconsole$_str_2$0$0	1217
		_CursorDraw	1219
		_CursorDraw_start	1219
		_CursorDraw_end	1250
		_CursorUndraw	1250
		_CursorUndraw_start	1250
		_ScrollUp	126A
		_ScrollUp_start	126A
		_CursorUndraw_end	126A
		_ConsoleWrite_start	1484
		_ScrollUp_end	1484
		_ConsoleWrite	1484
		_ConsoleWrite_end	1550
		_ConsoleReadLine	1550
		_ConsoleReadLine_start	1550
		_ConsoleReadLine_end	15E0
		Fconsole$_str_3$0$0	15E0
		_MemoryInit	15E2
		_MemoryInit_start	15E2
		_MemoryInit_end	161D
		Fmemory$_str_0$0$0	161D
		_MemoryCopy_start	1631
		_MemoryCopy	1631
		_MemoryCopy_end	167A
		_MemoryAllocate_start	167A
		_MemoryAllocate	167A
		_MemoryAllocate_end	16D7
		Fmemory$_str_1$0$0	16D7
		_MemoryFree	16E5
		_MemoryFree_start	16E5
		_MemoryFree_end	16F6
		_LocksInit	16F6
		_LocksInit_start	16F6
		_LocksInit_end	1723
		Flocks$_str_0$0$0	1723
		_LockCreate_start	1736
		_LockCreate	1736
		_LockObtain	175B
		_LockCreate_end	175B
		_LockObtain_start	175B
		Flocks$_str_1$0$0	17B6
		_LockObtain_end	17B6
		_LockRelease	17CE
		_LockRelease_start	17CE
		_LockQuery_start	17FD
		_LockQuery	17FD
		_LockRelease_end	17FD
		_LockQuery_end	1824
		_RegisterInterrupt	1824
		_RegisterInterrupt_start	1824
		_RegisterInterrupt_end	1856
		__InterruptService	1856
		__InterruptService_start	1856
		Fscheduling$_str_0$0$0	18D7
		__InterruptService_end	18D7
		Fscheduling$_str_1$0$0	18F0
		Fscheduling$_str_2$0$0	1909
		_SchedulingInit_start	1916
		_SchedulingInit	1916
		_SchedulingInit_end	1975
		_SetScheduler	1975
		_SetScheduler_start	1975
		_SetScheduler_end	1996
		_Scheduler	1996
		_Scheduler_start	1996
		Fscheduling$_str_3$0$0	19D3
		_Scheduler_end	19D3
		_NullScheduler	19E5
		_NullScheduler_start	19E5
		_DoNothingScheduler	1A05
		_NullScheduler_end	1A05
		_DoNothingScheduler_start	1A05
		_DefaultScheduler	1A0C
		_DefaultScheduler_start	1A0C
		_DoNothingScheduler_end	1A0C
		_DefaultScheduler_end	1ACD
		Fscheduling$_str_4$0$0	1ACD
		Fscheduling$_str_5$0$0	1ADF
		_CreateTask	1AF2
		_CreateTask_start	1AF2
		_CreateTask_end	1C12
		_SupervisorMode	1C12
		_SupervisorMode_start	1C12
		_UserMode	1C1D
		_UserMode_start	1C1D
		_SupervisorMode_end	1C1D
		_Pause_start	1C2A
		_UserMode_end	1C2A
		_Pause	1C2A
		_Pause_end	1C47
		_Resume	1C47
		_Resume_start	1C47
		_Resume_end	1C75
		Fscheduling$_str_6$0$0	1C75
		_BroadcastEvent_start	1C8A
		_BroadcastEvent	1C8A
		_BroadcastEvent_end	1D0A
		_AwaitEvent	1D0A
		_AwaitEvent_start	1D0A
		_AwaitEvent_end	1D51
		_Switch	1D51
		_Switch_start	1D51
		_Switch_end	1D77
		_NewContext	1D77
		_NewContext_start	1D77
		_NewContext_end	1DF2
		Fscheduling$_str_7$0$0	1DF2
		_ScheduleTask	1E03
		_ScheduleTask_start	1E03
		Fscheduling$_str_8$0$0	1E2F
		_ScheduleTask_end	1E2F
		_IsMultitasking	1E3F
		_IsMultitasking_start	1E3F
		_IsMultitasking_end	1E5B
		_GetRegister	1E5B
		_GetRegister_start	1E5B
		_Alert_start	1EF5
		_GetRegister_end	1EF5
		_Alert	1EF5
		_Alert_end	22A3
		Fexceptions$_str_0$0$0	22A3
		Fexceptions$_str_1$0$0	22B8
		Fexceptions$_str_2$0$0	22C0
		Fexceptions$_str_3$0$0	22C2
		Fexceptions$_str_4$0$0	22C9
		Fexceptions$_str_5$0$0	22EA
		Fexceptions$_str_6$0$0	230B
		Fexceptions$_str_7$0$0	2313
		Fexceptions$_str_8$0$0	231A
		Fexceptions$_str_9$0$0	231D
		Fexceptions$_str_10$0$0	2320
		Fexceptions$_str_11$0$0	2323
		Fexceptions$_str_12$0$0	2326
		Fexceptions$_str_13$0$0	2329
		Fexceptions$_str_14$0$0	232C
		Fexceptions$_str_15$0$0	232F
		_Halt	2332
		_Halt_start	2332
		_Halt_end	2353
		_Break	2353
		_Break_start	2353
		_SystemMonitor	239D
		_SystemMonitor_start	239D
		_Break_end	239D
		_SystemMonitor_end	2400
		Fexceptions$_str_16$0$0	2400
		Fexceptions$_str_17$0$0	2410
		Fexceptions$_str_18$0$0	2413
		Fexceptions$_str_19$0$0	2428
		Fexceptions$_str_20$0$0	242D
		_TimeInit	247B
		_TimeInit_start	247B
		_TimeInit_end	249B
		Ftime$_str_0$0$0	249B
		_Tick	24B6
		_Tick_start	24B6
		_Sleep_start	24D6
		_Tick_end	24D6
		_Sleep	24D6
		_Sleep_end	2539
		_Beep_start	2539
		_Beep	2539
		_Beep_end	2597
		_KeyboardInit	2597
		_KeyboardInit_start	2597
		Fkeyboard$_str_0$0$0	25C9
		_KeyboardInit_end	25C9
		_PollKeyboard	25DF
		_PollKeyboard_start	25DF
		_GetKeypress	2813
		_GetKeypress_start	2813
		_PollKeyboard_end	2813
		_GetKeypress_end	2868
		_TapeInit_start	2868
		_TapeInit	2868
		_TapeInit_end	2892
		_PortOutput	2892
		_PortOutput_start	2892
		_TapeSaveC	28AB
		_TapeSaveC_start	28AB
		_PortOutput_end	28AB
		_TapeSaveManchester	292C
		_TapeSaveManchester_start	292C
		_TapeSaveC_end	292C
		_TapeLoad	296E
		_TapeLoad_start	296E
		_TapeSaveManchester_end	296E
		_TapeSave_start	29CE
		_TapeSave	29CE
		_TapeLoad_end	29CE
		_TapeSave_end	2A29
		_SaveBlock	2A29
		_SaveBlock_start	2A29
		_SaveBlock_end	2AAE
		__Z80SimTerminate	2AAE
		__Z80SimTerminate_start	2AAE
		__Z80SimTerminate_end	2AB2
		__Z80SimReturn	2AB2
		__Z80SimReturn_start	2AB2
		__Z80SimPrintCharacter	2AB6
		__Z80SimPrintCharacter_start	2AB6
		__Z80SimReturn_end	2AB6
		__Z80SimPrintCharacter_end	2ACA
		__Z80SimPrintString	2ACA
		__Z80SimPrintString_start	2ACA
		__Z80SimPrintString_end	2AF2
		__Z80SimPrintWord	2AF2
		__Z80SimPrintWord_start	2AF2
		__Z80SimEnterProfile_start	2B0A
		__Z80SimPrintWord_end	2B0A
		__Z80SimEnterProfile	2B0A
		__Z80SimEnterProfile_end	2B10
		__Z80SimExitProfile	2B10
		__Z80SimExitProfile_start	2B10
		__Z80SimDumpRegs	2B16
		__Z80SimDumpRegs_start	2B16
		__Z80SimExitProfile_end	2B16
		__Z80SimWriteProtect	2B1C
		__Z80SimWriteProtect_start	2B1C
		__Z80SimDumpRegs_end	2B1C
		__Z80SimReadProtect	2B3C
		__Z80SimReadProtect_start	2B3C
		__Z80SimWriteProtect_end	2B3C
		__Z80SimRWProtect	2B5C
		__Z80SimReadProtect_end	2B5C
		__Z80SimRWProtect_start	2B5C
		__Z80SimUnprotect	2B7C
		__Z80SimUnprotect_start	2B7C
		__Z80SimRWProtect_end	2B7C
		__Z80SimUnprotect_end	2B9C
		__mullong_rrx_s	2B9C
		__mullong_rrf_s	2B9C
		__modslong_rrf_s	2B9F
		__modslong_rrx_s	2B9F
		__modulong_rrf_s	2BA2
		__modulong_rrx_s	2BA2
		__divslong_rrf_s	2BA5
		__divslong_rrx_s	2BA5
		__divulong_rrf_s	2BA8
		__divulong_rrx_s	2BA8
		__mulint_rrf_s	2BAB
		__divsint_rrf_s	2BB1
		__divuint_rrf_s	2BB7
		__mulschar_rrf_s	2BBD
		__divschar_rrf_s	2BC3
		__muluchar_rrf_s	2BC9
		__divuchar_rrf_s	2BCF
		__modschar_rrf_s	2BD5
		__moduchar_rrf_s	2BDB
		__modsint_rrf_s	2BE1
		__moduint_rrf_s	2BE7
		__rrulong_rrf_s	2BED
		__rrslong_rrf_s	2BF3
		__rlulong_rrf_s	2BF9
		__rlslong_rrf_s	2BFF
		__rrulong_rrx_s	2C05
		__rrslong_rrx_s	2C22
		__rlslong_rrx_s	2C3F
		__rlulong_rrx_s	2C3F
		__divschar_rrx_s	2C5C
		__divschar_rrx_hds	2C63
		__modschar_rrx_s	2C6A
		__modschar_rrx_hds	2C71
		__divsint_rrx_s	2C78
		__divsint_rrx_hds	2C84
		__modsint_rrx_s	2C8C
		__modsint_rrx_hds	2C98
		__divuchar_rrx_s	2CA0
		__divuchar_rrx_hds	2CA7
		__moduchar_rrx_s	2CAE
		__moduchar_rrx_hds	2CB5
		__divuint_rrx_s	2CBC
		__divuint_rrx_hds	2CC8
		__moduint_rrx_s	2CD0
		__moduint_rrx_hds	2CDC
		.mod8	2CE4
		.div8	2CE4
		.mod16	2CEC
		.div16	2CEC
		.modu8	2D29
		.divu8	2D29
		.modu16	2D2C
		.divu16	2D2C
		__modslong	2D61
		__modslong_start	2D61
		__modslong_end	2E42
		__modulong	2E42
		__modulong_start	2E42
		__modulong_end	2F49
		__divslong	2F49
		__divslong_start	2F49
		__divslong_end	302A
		__mulschar_rrx_s	302A
		__mulschar_rrx_hds	3031
		__muluchar_rrx_s	303D
		__mulint_rrx_s	304A
		__mulint_rrx_hds	3056
		__muluchar_rrx_hds	3056
		__divulong	306F
		__divulong_start	306F
		__divulong_end	3153
		__mullong_start	3153
		__mullong	3153
		__mullong_end	33D6
AREA _DATA
	RADIX HEX
	BASE 8000
	SIZE 0363
	ATTRIB REL CON
	GLOBALS
		G$MainEntry$0$0	8001
		_MainEntry	8001
		_PrintReg	8003
		G$PrintReg$0$0	8003
		G$ActiveRegBank$0$0	8004
		_ActiveRegBank	8004
		G$Row$0$0	8007
		_Row	8007
		G$Column$0$0	8008
		_Column	8008
		_CursorRow	8009
		G$CursorRow$0$0	8009
		_CursorColumn	800A
		G$CursorColumn$0$0	800A
		G$ConsoleLock$0$0	800B
		_ConsoleLock	800B
		_ConsoleInited	800C
		G$ConsoleInited$0$0	800C
		_NextFreeBlock	800D
		G$NextFreeBlock$0$0	800D
		G$MemoryInited$0$0	800F
		_MemoryInited	800F
		G$Locks$0$0	8011
		_Locks	8011
		G$LockCount$0$0	8111
		_LockCount	8111
		G$LocksInited$0$0	8112
		_LocksInited	8112
		_CurrentTask	8114
		G$CurrentTask$0$0	8114
		_SystemTasks	8116
		G$SystemTasks$0$0	8116
		_CurrentSP	8118
		G$CurrentSP$0$0	8118
		_OldSP	811A
		G$OldSP$0$0	811A
		G$TempSP$0$0	811C
		_TempSP	811C
		_ActiveScheduler	811E
		G$ActiveScheduler$0$0	811E
		_ControlRequests	8120
		G$ControlRequests$0$0	8120
		_InterruptVector	8121
		G$InterruptVector$0$0	8121
		_InterruptVectorCount	8321
		G$InterruptVectorCount$0$0	8321
		_UserSP	8322
		G$UserSP$0$0	8322
		_SchedulingInited	8324
		G$SchedulingInited$0$0	8324
		_SavedPC	8326
		G$SavedPC$0$0	8326
		_SavedIX	8328
		G$SavedIX$0$0	8328
		_SavedIY	832A
		G$SavedIY$0$0	832A
		G$RegValue$0$0	832C
		_RegValue	832C
		_TickCounter	832E
		G$TickCounter$0$0	832E
		G$SystemLock$0$0	8333
		_SystemLock	8333
		G$KeyTable$0$0	8334
		_KeyTable	8334
		_KeyboardBuffer	833C
		G$KeyboardBuffer$0$0	833C
		_KeyboardBufferCount	835C
		G$KeyboardBufferCount$0$0	835C
		_KeyboardPollCount	835D
		G$KeyboardPollCount$0$0	835D
		G$KeyboardInited$0$0	835E
		_KeyboardInited	835E
		_TapeMeanWaveLength	835F
		G$TapeMeanWaveLength$0$0	835F
		_TapeHalfWaveLength	8360
		G$TapeHalfWaveLength$0$0	8360
		_TapeInited	8361
		G$TapeInited$0$0	8361
		__JumpTable	8362
AREA _OVERLAY
	RADIX HEX
	BASE 8363
	SIZE 0000
	ATTRIB REL CON
AREA _GSINIT
	RADIX HEX
	BASE 8363
	SIZE 0000
	ATTRIB REL CON
AREA _GSFINAL
	RADIX HEX
	BASE 8363
	SIZE 0000
	ATTRIB REL CON
AREA _HOME
	RADIX HEX
	BASE 8363
	SIZE 0000
	ATTRIB REL CON
AREA _BSS
	RADIX HEX
	BASE 8363
	SIZE 0003
	ATTRIB REL CON
MODULES
	FILE /home/ljl/Downloads/z80dev/share/sdcc/lib/z80/pad.o
		NAME pad
	FILE main.o
		NAME main
	FILE z80.o
		NAME z80
	FILE strings.o
		NAME strings
	FILE screen.o
		NAME screen
	FILE console.o
		NAME console
	FILE memory.o
		NAME memory
	FILE locks.o
		NAME locks
	FILE scheduling.o
		NAME scheduling
	FILE exceptions.o
		NAME exceptions
	FILE time.o
		NAME time
	FILE sound.o
		NAME sound
	FILE keyboard.o
		NAME keyboard
	FILE tape.o
		NAME tape
	FILE /home/ljl/Downloads/z80dev/share/sdcc/lib/z80/jumptable.o
		NAME jumptab
LIBRARIES
	LIBRARY /home/ljl/Downloads/z80dev/share/sdcc/lib/z80/z80.lib
		MODULE simulator.o
	LIBRARY /home/ljl/Downloads/z80dev/share/sdcc/lib/z80/z80.lib
		MODULE stubs.o
	LIBRARY /home/ljl/Downloads/z80dev/share/sdcc/lib/z80/z80.lib
		MODULE shift.o
	LIBRARY /home/ljl/Downloads/z80dev/share/sdcc/lib/z80/z80.lib
		MODULE div.o
	LIBRARY /home/ljl/Downloads/z80dev/share/sdcc/lib/z80/z80.lib
		MODULE _modslong.o
	LIBRARY /home/ljl/Downloads/z80dev/share/sdcc/lib/z80/z80.lib
		MODULE _modulong.o
	LIBRARY /home/ljl/Downloads/z80dev/share/sdcc/lib/z80/z80.lib
		MODULE _divslong.o
	LIBRARY /home/ljl/Downloads/z80dev/share/sdcc/lib/z80/z80.lib
		MODULE mul.o
	LIBRARY /home/ljl/Downloads/z80dev/share/sdcc/lib/z80/z80.lib
		MODULE _divulong.o
	LIBRARY /home/ljl/Downloads/z80dev/share/sdcc/lib/z80/z80.lib
		MODULE _mullong.o
USERBASEDEF
	_CODE = 0x0000
	_DATA = 0x8000

?ASlink-Warning-Undefined Global __SystemRequest referenced by module pad

?ASlink-Warning-Undefined Global __SimDumpRegs referenced by module exceptions
