                              1 ;--------------------------------------------------------
                              2 ; File Created by SDCC : FreeWare ANSI-C Compiler
                              3 ; Version 2.3.5 Mon Oct  6 12:08:01 2003
                              4 
                              5 ;--------------------------------------------------------
                              6 	.module instr
                              7 	.optsdcc -mz80
                              8 	
                              9 ;--------------------------------------------------------
                             10 ; Public variables in this module
                             11 ;--------------------------------------------------------
                             12 	.globl _main
                             13 ;--------------------------------------------------------
                             14 ;  ram data
                             15 ;--------------------------------------------------------
                             16 	.area _DATA
                             17 ;--------------------------------------------------------
                             18 ; overlayable items in  ram 
                             19 ;--------------------------------------------------------
                             20 	.area _OVERLAY
                             21 ;--------------------------------------------------------
                             22 ; external initialized ram data
                             23 ;--------------------------------------------------------
                             24 ;--------------------------------------------------------
                             25 ; global & static initialisations
                             26 ;--------------------------------------------------------
                             27 	.area _GSINIT
                             28 	.area _GSFINAL
                             29 	.area _GSINIT
                             30 ;--------------------------------------------------------
                             31 ; Home
                             32 ;--------------------------------------------------------
                             33 	.area _HOME
                             34 	.area _CODE
                             35 ;--------------------------------------------------------
                             36 ; code
                             37 ;--------------------------------------------------------
                             38 	.area _CODE
                             39 ;instr.c:1: void main() {
                             40 ;	genLabel
                             41 ;	genFunction
                             42 ;	---------------------------------
                             43 ; Function main
                             44 ; ---------------------------------
   0000                      45 _main_start::
   0000                      46 _main:
                             47 ;instr.c:7: _endasm;
                             48 ;	genInline
                             49 	
                             50 		       ;ld af,#0x1234
   0000 01 34 12             51 		       ld bc,#0x1234
   0003 11 34 12             52 		       ld de,#0x1234
   0006 21 34 12             53 		       ld hl,#0x1234
                             54 		       
                             55 ;	genLabel
   0009                      56 00101$:
                             57 ;	genEndFunction
   0009 C9                   58 	ret
   000A                      59 _main_end::
                             60 	.area _CODE
