ASxxxx Assembler V01.75  (Zilog Z80 / Hitachi HD64180), page 1.



                              1 ;--------------------------------------------------------
                              2 ; File Created by SDCC : FreeWare ANSI-C Compiler
                              3 ; Version 2.3.5 Tue Oct  7 00:32:40 2003
                              4 
                              5 ;--------------------------------------------------------
                              6 	.module jumptab
                              7 	.optsdcc -mz80
                              8 	
                              9 ;--------------------------------------------------------
                             10 ; Public variables in this module
                             11 ;--------------------------------------------------------
                             12 	.globl __JumpTable
                             13 ;--------------------------------------------------------
                             14 ;  ram data
                             15 ;--------------------------------------------------------
                             16 	.area _DATA
   0000                      17 __JumpTable::
   0000                      18 	.ds 1
                             19 ;--------------------------------------------------------
                             20 ; overlayable items in  ram 
                             21 ;--------------------------------------------------------
                             22 	.area _OVERLAY
                             23 ;--------------------------------------------------------
                             24 ; external initialized ram data
                             25 ;--------------------------------------------------------
                             26 ;--------------------------------------------------------
                             27 ; global & static initialisations
                             28 ;--------------------------------------------------------
                             29 	.area _GSINIT
                             30 	.area _GSFINAL
                             31 	.area _GSINIT
                             32 ;--------------------------------------------------------
                             33 ; Home
                             34 ;--------------------------------------------------------
                             35 	.area _HOME
                             36 	.area _CODE
                             37 ;--------------------------------------------------------
                             38 ; code
                             39 ;--------------------------------------------------------
                             40 	.area _CODE
                             41 	.area _CODE
